Assuming unrestricted shared filesystem usage.
host: server-sm
Building DAG of jobs...
Using shell: /usr/bin/bash
Provided cores: 5
Rules claiming more threads will be scaled down.
Job stats:
job                   count
------------------  -------
append_fusion_seqs        1
total                     1

Select jobs to execute...
Execute 1 jobs...
[Mon Sep 21 14:18:33 2026]
localrule append_fusion_seqs:
    input: data/raw/Astroviridae_30062026.gb, data/results/30-06-2026/hmmer/annotated_orfs/Astroviridae_30062026_fusion_orfs.tsv, data/results/30-06-2026/coords/Astroviridae_30062026_no_cds_sequences.fasta
    output: data/results/30-06-2026/coords/Astroviridae_30062026_no_cds_sequences.with_fusions.fasta
    jobid: 0
    reason: Missing output files: data/results/30-06-2026/coords/Astroviridae_30062026_no_cds_sequences.with_fusions.fasta
    resources: tmpdir=/tmp
[Mon Sep 21 14:18:39 2026]
Finished jobid: 0 (Rule: append_fusion_seqs)
1 of 1 steps (100%) done
Complete log(s): /work/aleshina/Astroviridae_database/.snakemake/log/2026-09-21T141833.637819.snakemake.log
