Assuming unrestricted shared filesystem usage.
host: server-sm
Building DAG of jobs...
Using shell: /usr/bin/bash
Provided cores: 5
Rules claiming more threads will be scaled down.
Job stats:
job            count
-----------  -------
update_full        1
total              1

Select jobs to execute...
Execute 1 jobs...
[Mon Sep 21 15:06:54 2026]
localrule update_full:
    input: data/results/30-06-2026/updated_coords/Astroviridae_30062026_orf_coords_with_problematic.tsv, data/results/30-06-2026/hmmer/predicted_orfs/Astroviridae_30062026_predicted_assigned.tsv
    output: data/results/30-06-2026/updated_coords/Astroviridae_30062026_orf-coords_full.tsv
    jobid: 0
    reason: Missing output files: data/results/30-06-2026/updated_coords/Astroviridae_30062026_orf-coords_full.tsv
    resources: tmpdir=/tmp
[Mon Sep 21 15:06:55 2026]
Finished jobid: 0 (Rule: update_full)
1 of 1 steps (100%) done
Complete log(s): /work/aleshina/Astroviridae_database/.snakemake/log/2026-09-21T150654.230362.snakemake.log
