Assuming unrestricted shared filesystem usage.
host: server-sm
Building DAG of jobs...
Using shell: /usr/bin/bash
Provided cores: 5
Rules claiming more threads will be scaled down.
Job stats:
job             count
------------  -------
correct_orfs        1
total               1

Select jobs to execute...
Execute 1 jobs...
[Mon Sep 21 13:35:49 2026]
localrule correct_orfs:
    input: data/results/30-06-2026/coords/Astroviridae_30062026_orf-coords.tsv, data/results/30-06-2026/hmmer/annotated_orfs/Astroviridae_30062026_mismatches_report.tsv
    output: data/results/30-06-2026/updated_coords/Astroviridae_30062026_orf-coords_corrected.tsv, data/results/30-06-2026/hmmer/annotated_orfs/Astroviridae_30062026_fusion_orfs.tsv
    jobid: 0
    reason: Missing output files: data/results/30-06-2026/updated_coords/Astroviridae_30062026_orf-coords_corrected.tsv, data/results/30-06-2026/hmmer/annotated_orfs/Astroviridae_30062026_fusion_orfs.tsv
    resources: tmpdir=/tmp
[Mon Sep 21 13:35:51 2026]
Finished jobid: 0 (Rule: correct_orfs)
1 of 1 steps (100%) done
Complete log(s): /work/aleshina/Astroviridae_database/.snakemake/log/2026-09-21T133548.995548.snakemake.log
