Assuming unrestricted shared filesystem usage.
host: server-sm
Building DAG of jobs...
Using shell: /usr/bin/bash
Provided cores: 5
Rules claiming more threads will be scaled down.
Job stats:
job                  count
-----------------  -------
hmmscan_predicted        1
total                    1

Select jobs to execute...
Execute 1 jobs...
[Mon Sep 21 14:20:37 2026]
localrule hmmscan_predicted:
    input: data/results/30-06-2026/prodigal/Astroviridae_30062026_no_cds_sequences_proteins.faa, /data/DB/PFAM-A/Pfam-A.hmm
    output: data/results/30-06-2026/hmmer/predicted_orfs/Astroviridae_30062026_predicted_domains.tbl, data/results/30-06-2026/hmmer/predicted_orfs/Astroviridae_30062026_hmmscan.log
    jobid: 0
    reason: Missing output files: data/results/30-06-2026/hmmer/predicted_orfs/Astroviridae_30062026_predicted_domains.tbl, data/results/30-06-2026/hmmer/predicted_orfs/Astroviridae_30062026_hmmscan.log
    resources: tmpdir=/tmp
[Mon Sep 21 14:22:21 2026]
Finished jobid: 0 (Rule: hmmscan_predicted)
1 of 1 steps (100%) done
Complete log(s): /work/aleshina/Astroviridae_database/.snakemake/log/2026-09-21T142037.240112.snakemake.log
